name: "extensions"
category: "build"
version: "0.11.8"
labels:
  github.repo: "extensions"
  github.owner: "luet-lab"
  github.tag: "v0.11.8"
  autobump.strategy: "github_tag"
